os_malloc (['0'])                                                                         = 0
os_free (['0'])                                                                           = <void>
os_malloc (['1000'])                                                                      = HeapStart + 0x18
  brk (['0'])                                                                             = HeapStart + 0x0
  brk (['HeapStart + 0x20000'])                                                           = HeapStart + 0x20000
os_realloc (['HeapStart + 0x18', '2000'])                                                 = HeapStart + 0x18
os_free (['HeapStart + 0x18'])                                                            = <void>
os_calloc (['0', '100'])                                                                  = 0
os_free (['0'])                                                                           = <void>
os_calloc (['10', '100'])                                                                 = HeapStart + 0x18
os_free (['HeapStart + 0x18'])                                                            = <void>
os_calloc (['10', '100'])                                                                 = HeapStart + 0x18
os_realloc (['HeapStart + 0x18', '132072'])                                               = <mapped-addr1> + 0x18
  mmap (['0', '132096', 'PROT_READ | PROT_WRITE', 'MAP_PRIVATE | MAP_ANON', '-1', '0'])   = <mapped-addr1>
os_free (['<mapped-addr1> + 0x18'])                                                       = <void>
  munmap (['<mapped-addr1>', '132096'])                                                   = 0
os_calloc (['1', '5000'])                                                                 = <mapped-addr2> + 0x18
  mmap (['0', '5024', 'PROT_READ | PROT_WRITE', 'MAP_PRIVATE | MAP_ANON', '-1', '0'])     = <mapped-addr2>
os_realloc (['<mapped-addr2> + 0x18', '2000'])                                            = HeapStart + 0x18
  munmap (['<mapped-addr2>', '5024'])                                                     = 0
os_realloc (['HeapStart + 0x18', '5000'])                                                 = HeapStart + 0x18
os_free (['HeapStart + 0x18'])                                                            = <void>
os_calloc (['1', '10'])                                                                   = HeapStart + 0x18
os_malloc (['4023'])                                                                      = HeapStart + 0x40
os_calloc (['1934', '1'])                                                                 = HeapStart + 0x1010
os_calloc (['1', '80'])                                                                   = HeapStart + 0x17b8
os_malloc (['653'])                                                                       = HeapStart + 0x1820
os_calloc (['432', '1'])                                                                  = HeapStart + 0x1ac8
os_calloc (['1', '421'])                                                                  = HeapStart + 0x1c90
os_malloc (['160'])                                                                       = HeapStart + 0x1e50
os_calloc (['2631', '1'])                                                                 = HeapStart + 0x1f08
os_calloc (['1', '2024'])                                                                 = HeapStart + 0x2968
os_malloc (['25'])                                                                        = HeapStart + 0x3168
os_calloc (['30', '1'])                                                                   = HeapStart + 0x31a0
os_calloc (['1', '0'])                                                                    = 0
os_malloc (['0'])                                                                         = 0
os_calloc (['5120', '1'])                                                                 = <mapped-addr2> + 0x18
  mmap (['0', '5144', 'PROT_READ | PROT_WRITE', 'MAP_PRIVATE | MAP_ANON', '-1', '0'])     = <mapped-addr2>
os_calloc (['1', '0'])                                                                    = 0
os_malloc (['0'])                                                                         = 0
os_calloc (['204800', '1'])                                                               = <mapped-addr3> + 0x18
  mmap (['0', '204824', 'PROT_READ | PROT_WRITE', 'MAP_PRIVATE | MAP_ANON', '-1', '0'])   = <mapped-addr3>
os_calloc (['1', '1077'])                                                                 = HeapStart + 0x31d8
os_malloc (['23'])                                                                        = HeapStart + 0x3628
os_calloc (['0', '1'])                                                                    = 0
os_calloc (['1', '342'])                                                                  = HeapStart + 0x3658
os_malloc (['12'])                                                                        = HeapStart + 0x37c8
os_calloc (['543942', '1'])                                                               = <mapped-addr4> + 0x18
  mmap (['0', '543968', 'PROT_READ | PROT_WRITE', 'MAP_PRIVATE | MAP_ANON', '-1', '0'])   = <mapped-addr4>
os_calloc (['1', '44'])                                                                   = HeapStart + 0x37f0
os_malloc (['375'])                                                                       = HeapStart + 0x3838
os_calloc (['0', '1'])                                                                    = 0
os_calloc (['1', '0'])                                                                    = 0
os_malloc (['0'])                                                                         = 0
os_calloc (['0', '1'])                                                                    = 0
os_calloc (['1', '0'])                                                                    = 0
os_malloc (['103132'])                                                                    = HeapStart + 0x39c8
os_calloc (['0', '1'])                                                                    = 0
os_free (['HeapStart + 0x18'])                                                            = <void>
os_free (['HeapStart + 0x1010'])                                                          = <void>
os_free (['HeapStart + 0x17b8'])                                                          = <void>
os_free (['HeapStart + 0x1820'])                                                          = <void>
os_free (['HeapStart + 0x1e50'])                                                          = <void>
os_free (['HeapStart + 0x31a0'])                                                          = <void>
os_free (['0'])                                                                           = <void>
os_free (['0'])                                                                           = <void>
os_free (['<mapped-addr2> + 0x18'])                                                       = <void>
  munmap (['<mapped-addr2>', '5144'])                                                     = 0
os_free (['<mapped-addr3> + 0x18'])                                                       = <void>
  munmap (['<mapped-addr3>', '204824'])                                                   = 0
os_free (['HeapStart + 0x31d8'])                                                          = <void>
os_free (['0'])                                                                           = <void>
os_free (['HeapStart + 0x3658'])                                                          = <void>
os_free (['HeapStart + 0x3838'])                                                          = <void>
os_free (['0'])                                                                           = <void>
os_free (['0'])                                                                           = <void>
os_free (['0'])                                                                           = <void>
os_free (['0'])                                                                           = <void>
os_free (['0'])                                                                           = <void>
os_malloc (['1934'])                                                                      = HeapStart + 0x1010
os_malloc (['10'])                                                                        = HeapStart + 0x18
os_calloc (['1', '4023'])                                                                 = HeapStart + 0x1ccc0
os_malloc (['432'])                                                                       = HeapStart + 0x17b8
os_malloc (['80'])                                                                        = HeapStart + 0x1e50
os_calloc (['1', '653'])                                                                  = HeapStart + 0x31a0
os_malloc (['2631'])                                                                      = HeapStart + 0x1dc90
os_malloc (['421'])                                                                       = HeapStart + 0x3448
os_calloc (['1', '160'])                                                                  = HeapStart + 0x1980
os_malloc (['30'])                                                                        = HeapStart + 0x1eb8
os_malloc (['2024'])                                                                      = HeapStart + 0x1e6f0
os_calloc (['1', '25'])                                                                   = HeapStart + 0x1a38
os_malloc (['5120'])                                                                      = HeapStart + 0x1eef0
  brk (['HeapStart + 0x202f0'])                                                           = HeapStart + 0x202f0
os_malloc (['0'])                                                                         = 0
os_calloc (['1', '0'])                                                                    = 0
os_malloc (['204800'])                                                                    = <mapped-addr3> + 0x18
  mmap (['0', '204824', 'PROT_READ | PROT_WRITE', 'MAP_PRIVATE | MAP_ANON', '-1', '0'])   = <mapped-addr3>
os_malloc (['0'])                                                                         = 0
os_calloc (['1', '0'])                                                                    = 0
os_malloc (['0'])                                                                         = 0
os_malloc (['1077'])                                                                      = HeapStart + 0x20308
  brk (['HeapStart + 0x20740'])                                                           = HeapStart + 0x20740
os_calloc (['1', '23'])                                                                   = HeapStart + 0x1a70
os_malloc (['543942'])                                                                    = <mapped-addr5> + 0x18
  mmap (['0', '543968', 'PROT_READ | PROT_WRITE', 'MAP_PRIVATE | MAP_ANON', '-1', '0'])   = <mapped-addr5>
os_malloc (['342'])                                                                       = HeapStart + 0x3658
os_calloc (['1', '12'])                                                                   = HeapStart + 0x1aa0
os_malloc (['0'])                                                                         = 0
os_malloc (['44'])                                                                        = HeapStart + 0x3838
os_calloc (['1', '375'])                                                                  = HeapStart + 0x20758
  brk (['HeapStart + 0x208d0'])                                                           = HeapStart + 0x208d0
os_malloc (['0'])                                                                         = 0
os_malloc (['0'])                                                                         = 0
os_calloc (['1', '0'])                                                                    = 0
os_malloc (['0'])                                                                         = 0
os_malloc (['0'])                                                                         = 0
os_calloc (['1', '103132'])                                                               = <mapped-addr6> + 0x18
  mmap (['0', '103160', 'PROT_READ | PROT_WRITE', 'MAP_PRIVATE | MAP_ANON', '-1', '0'])   = <mapped-addr6>
os_realloc (['HeapStart + 0x1010', '32'])                                                 = HeapStart + 0x1010
os_realloc (['0', '32'])                                                                  = HeapStart + 0x3880
os_realloc (['HeapStart + 0x18', '24'])                                                   = HeapStart + 0x38b8
os_realloc (['0', '24'])                                                                  = HeapStart + 0x38e8
os_realloc (['HeapStart + 0x1ccc0', '75'])                                                = HeapStart + 0x1ccc0
os_realloc (['0', '75'])                                                                  = HeapStart + 0x3918
os_realloc (['HeapStart + 0x17b8', '1034'])                                               = HeapStart + 0x1048
os_realloc (['HeapStart + 0x20308', '1034'])                                              = HeapStart + 0x20308
os_realloc (['HeapStart + 0x1e50', '284352'])                                             = <mapped-addr7> + 0x18
  mmap (['0', '284376', 'PROT_READ | PROT_WRITE', 'MAP_PRIVATE | MAP_ANON', '-1', '0'])   = <mapped-addr7>
os_realloc (['HeapStart + 0x1a70', '284352'])                                             = <mapped-addr8> + 0x18
  mmap (['0', '284376', 'PROT_READ | PROT_WRITE', 'MAP_PRIVATE | MAP_ANON', '-1', '0'])   = <mapped-addr8>
os_realloc (['HeapStart + 0x31a0', '277'])                                                = HeapStart + 0x31a0
os_realloc (['<mapped-addr5> + 0x18', '277'])                                             = HeapStart + 0x32d0
  munmap (['<mapped-addr5>', '543968'])                                                   = 0
os_realloc (['HeapStart + 0x1dc90', '31'])                                                = HeapStart + 0x1dc90
os_realloc (['HeapStart + 0x3658', '31'])                                                 = HeapStart + 0x3658
os_realloc (['HeapStart + 0x3448', '876'])                                                = HeapStart + 0x1470
os_realloc (['HeapStart + 0x1aa0', '876'])                                                = HeapStart + 0x1dcc8
os_realloc (['HeapStart + 0x1980', '223455'])                                             = <mapped-addr9> + 0x18
  mmap (['0', '223480', 'PROT_READ | PROT_WRITE', 'MAP_PRIVATE | MAP_ANON', '-1', '0'])   = <mapped-addr9>
os_realloc (['0', '223455'])                                                              = <mapped-addr10> + 0x18
  mmap (['0', '223480', 'PROT_READ | PROT_WRITE', 'MAP_PRIVATE | MAP_ANON', '-1', '0'])   = <mapped-addr10>
os_realloc (['HeapStart + 0x1eb8', '12'])                                                 = HeapStart + 0x1eb8
os_realloc (['HeapStart + 0x3838', '12'])                                                 = HeapStart + 0x3838
os_realloc (['HeapStart + 0x1e6f0', '745'])                                               = HeapStart + 0x1e6f0
os_realloc (['HeapStart + 0x20758', '745'])                                               = HeapStart + 0x20758
  brk (['HeapStart + 0x20a48'])                                                           = HeapStart + 0x20a48
os_realloc (['HeapStart + 0x1a38', '248'])                                                = HeapStart + 0x3690
os_realloc (['0', '248'])                                                                 = HeapStart + 0x3400
os_realloc (['HeapStart + 0x1eef0', '1367'])                                              = HeapStart + 0x1eef0
os_realloc (['0', '1367'])                                                                = HeapStart + 0x1e050
os_realloc (['0', '3929995'])                                                             = <mapped-addr11> + 0x18
  mmap (['0', '3930024', 'PROT_READ | PROT_WRITE', 'MAP_PRIVATE | MAP_ANON', '-1', '0'])  = <mapped-addr11>
os_realloc (['0', '3929995'])                                                             = <mapped-addr12> + 0x18
  mmap (['0', '3930024', 'PROT_READ | PROT_WRITE', 'MAP_PRIVATE | MAP_ANON', '-1', '0'])  = <mapped-addr12>
os_realloc (['0', '27322'])                                                               = HeapStart + 0x20a60
  brk (['HeapStart + 0x27520'])                                                           = HeapStart + 0x27520
os_realloc (['0', '27322'])                                                               = HeapStart + 0x27538
  brk (['HeapStart + 0x2dff8'])                                                           = HeapStart + 0x2dff8
os_realloc (['<mapped-addr3> + 0x18', '82'])                                              = HeapStart + 0x3510
  munmap (['<mapped-addr3>', '204824'])                                                   = 0
os_realloc (['0', '82'])                                                                  = HeapStart + 0x3580
os_realloc (['HeapStart + 0x1010', '5120'])                                               = HeapStart + 0x2e010
  brk (['HeapStart + 0x2f410'])                                                           = HeapStart + 0x2f410
os_realloc (['<mapped-addr9> + 0x18', '5120'])                                            = HeapStart + 0x2f428
  brk (['HeapStart + 0x30828'])                                                           = HeapStart + 0x30828
  munmap (['<mapped-addr9>', '223480'])                                                   = 0
os_realloc (['HeapStart + 0x32d0', '5120'])                                               = HeapStart + 0x30840
  brk (['HeapStart + 0x31c40'])                                                           = HeapStart + 0x31c40
os_realloc (['HeapStart + 0x38b8', '47249'])                                              = HeapStart + 0x31c58
  brk (['HeapStart + 0x3d4f0'])                                                           = HeapStart + 0x3d4f0
os_realloc (['HeapStart + 0x1eb8', '47249'])                                              = HeapStart + 0x3d508
  brk (['HeapStart + 0x48da0'])                                                           = HeapStart + 0x48da0
os_realloc (['HeapStart + 0x3658', '47249'])                                              = HeapStart + 0x48db8
  brk (['HeapStart + 0x54650'])                                                           = HeapStart + 0x54650
os_realloc (['HeapStart + 0x1ccc0', '103132'])                                            = HeapStart + 0x54668
  brk (['HeapStart + 0x6d948'])                                                           = HeapStart + 0x6d948
os_realloc (['HeapStart + 0x1e6f0', '103132'])                                            = HeapStart + 0x6d960
  brk (['HeapStart + 0x86c40'])                                                           = HeapStart + 0x86c40
os_realloc (['HeapStart + 0x1dcc8', '103132'])                                            = HeapStart + 0x86c58
  brk (['HeapStart + 0x9ff38'])                                                           = HeapStart + 0x9ff38
os_realloc (['HeapStart + 0x1048', '204800'])                                             = <mapped-addr3> + 0x18
  mmap (['0', '204824', 'PROT_READ | PROT_WRITE', 'MAP_PRIVATE | MAP_ANON', '-1', '0'])   = <mapped-addr3>
os_realloc (['HeapStart + 0x3690', '204800'])                                             = <mapped-addr13> + 0x18
  mmap (['0', '204824', 'PROT_READ | PROT_WRITE', 'MAP_PRIVATE | MAP_ANON', '-1', '0'])   = <mapped-addr13>
os_realloc (['<mapped-addr10> + 0x18', '204800'])                                         = <mapped-addr14> + 0x18
  mmap (['0', '204824', 'PROT_READ | PROT_WRITE', 'MAP_PRIVATE | MAP_ANON', '-1', '0'])   = <mapped-addr14>
  munmap (['<mapped-addr10>', '223480'])                                                  = 0
os_realloc (['<mapped-addr7> + 0x18', '541894'])                                          = <mapped-addr15> + 0x18
  mmap (['0', '541920', 'PROT_READ | PROT_WRITE', 'MAP_PRIVATE | MAP_ANON', '-1', '0'])   = <mapped-addr15>
  munmap (['<mapped-addr7>', '284376'])                                                   = 0
os_realloc (['HeapStart + 0x1eef0', '541894'])                                            = <mapped-addr16> + 0x18
  mmap (['0', '541920', 'PROT_READ | PROT_WRITE', 'MAP_PRIVATE | MAP_ANON', '-1', '0'])   = <mapped-addr16>
os_realloc (['HeapStart + 0x3838', '541894'])                                             = <mapped-addr17> + 0x18
  mmap (['0', '541920', 'PROT_READ | PROT_WRITE', 'MAP_PRIVATE | MAP_ANON', '-1', '0'])   = <mapped-addr17>
os_realloc (['HeapStart + 0x31a0', '1027754'])                                            = <mapped-addr18> + 0x18
  mmap (['0', '1027784', 'PROT_READ | PROT_WRITE', 'MAP_PRIVATE | MAP_ANON', '-1', '0'])  = <mapped-addr18>
os_realloc (['<mapped-addr11> + 0x18', '1027754'])                                        = <mapped-addr19> + 0x18
  mmap (['0', '1027784', 'PROT_READ | PROT_WRITE', 'MAP_PRIVATE | MAP_ANON', '-1', '0'])  = <mapped-addr19>
  munmap (['<mapped-addr11>', '3930024'])                                                 = 0
os_realloc (['HeapStart + 0x20758', '1027754'])                                           = <mapped-addr20> + 0x18
  mmap (['0', '1027784', 'PROT_READ | PROT_WRITE', 'MAP_PRIVATE | MAP_ANON', '-1', '0'])  = <mapped-addr20>
os_malloc (['100'])                                                                       = HeapStart + 0x1e50
os_malloc (['100'])                                                                       = HeapStart + 0x3658
os_malloc (['100'])                                                                       = HeapStart + 0x36d8
os_malloc (['100'])                                                                       = HeapStart + 0x31a0
os_malloc (['100'])                                                                       = HeapStart + 0x3220
os_malloc (['100'])                                                                       = HeapStart + 0x32a0
os_malloc (['100'])                                                                       = HeapStart + 0x3320
os_malloc (['100'])                                                                       = HeapStart + 0x17f8
os_malloc (['100'])                                                                       = HeapStart + 0x1878
os_malloc (['100'])                                                                       = HeapStart + 0x18f8
os_malloc (['100'])                                                                       = HeapStart + 0x1978
os_malloc (['100'])                                                                       = HeapStart + 0x19f8
os_malloc (['100'])                                                                       = HeapStart + 0x20730
os_malloc (['100'])                                                                       = HeapStart + 0x207b0
os_malloc (['100'])                                                                       = HeapStart + 0x20830
os_malloc (['100'])                                                                       = HeapStart + 0x208b0
os_malloc (['100'])                                                                       = HeapStart + 0x20930
os_malloc (['100'])                                                                       = HeapStart + 0x209b0
os_malloc (['100'])                                                                       = HeapStart + 0x1dcc8
os_free (['HeapStart + 0x1e50'])                                                          = <void>
os_free (['HeapStart + 0x2e010'])                                                         = <void>
os_free (['HeapStart + 0x40'])                                                            = <void>
os_free (['HeapStart + 0x31c58'])                                                         = <void>
os_free (['HeapStart + 0x3658'])                                                          = <void>
os_free (['HeapStart + 0x54668'])                                                         = <void>
os_free (['HeapStart + 0x36d8'])                                                          = <void>
os_free (['<mapped-addr3> + 0x18'])                                                       = <void>
  munmap (['<mapped-addr3>', '204824'])                                                   = 0
os_free (['HeapStart + 0x31a0'])                                                          = <void>
os_free (['<mapped-addr15> + 0x18'])                                                      = <void>
  munmap (['<mapped-addr15>', '541920'])                                                  = 0
os_free (['HeapStart + 0x1ac8'])                                                          = <void>
os_free (['<mapped-addr18> + 0x18'])                                                      = <void>
  munmap (['<mapped-addr18>', '1027784'])                                                 = 0
os_free (['HeapStart + 0x1c90'])                                                          = <void>
os_free (['HeapStart + 0x1dc90'])                                                         = <void>
os_free (['HeapStart + 0x3220'])                                                          = <void>
os_free (['HeapStart + 0x1470'])                                                          = <void>
os_free (['HeapStart + 0x1f08'])                                                          = <void>
os_free (['HeapStart + 0x2f428'])                                                         = <void>
os_free (['HeapStart + 0x2968'])                                                          = <void>
os_free (['HeapStart + 0x3d508'])                                                         = <void>
os_free (['HeapStart + 0x3168'])                                                          = <void>
os_free (['HeapStart + 0x6d960'])                                                         = <void>
os_free (['HeapStart + 0x32a0'])                                                          = <void>
os_free (['<mapped-addr13> + 0x18'])                                                      = <void>
  munmap (['<mapped-addr13>', '204824'])                                                  = 0
os_free (['HeapStart + 0x3320'])                                                          = <void>
os_free (['<mapped-addr16> + 0x18'])                                                      = <void>
  munmap (['<mapped-addr16>', '541920'])                                                  = 0
os_free (['HeapStart + 0x17f8'])                                                          = <void>
os_free (['<mapped-addr19> + 0x18'])                                                      = <void>
  munmap (['<mapped-addr19>', '1027784'])                                                 = 0
os_free (['HeapStart + 0x1878'])                                                          = <void>
os_free (['HeapStart + 0x20a60'])                                                         = <void>
os_free (['0'])                                                                           = <void>
os_free (['HeapStart + 0x3510'])                                                          = <void>
os_free (['0'])                                                                           = <void>
os_free (['HeapStart + 0x3880'])                                                          = <void>
os_free (['HeapStart + 0x18f8'])                                                          = <void>
os_free (['HeapStart + 0x38e8'])                                                          = <void>
os_free (['HeapStart + 0x1978'])                                                          = <void>
os_free (['HeapStart + 0x3918'])                                                          = <void>
os_free (['HeapStart + 0x3628'])                                                          = <void>
os_free (['HeapStart + 0x20308'])                                                         = <void>
os_free (['HeapStart + 0x19f8'])                                                          = <void>
os_free (['<mapped-addr8> + 0x18'])                                                       = <void>
  munmap (['<mapped-addr8>', '284376'])                                                   = 0
os_free (['HeapStart + 0x20730'])                                                         = <void>
os_free (['HeapStart + 0x30840'])                                                         = <void>
os_free (['HeapStart + 0x37c8'])                                                          = <void>
os_free (['HeapStart + 0x48db8'])                                                         = <void>
os_free (['<mapped-addr4> + 0x18'])                                                       = <void>
  munmap (['<mapped-addr4>', '543968'])                                                   = 0
os_free (['HeapStart + 0x86c58'])                                                         = <void>
os_free (['HeapStart + 0x37f0'])                                                          = <void>
os_free (['<mapped-addr14> + 0x18'])                                                      = <void>
  munmap (['<mapped-addr14>', '204824'])                                                  = 0
os_free (['HeapStart + 0x207b0'])                                                         = <void>
os_free (['<mapped-addr17> + 0x18'])                                                      = <void>
  munmap (['<mapped-addr17>', '541920'])                                                  = 0
os_free (['0'])                                                                           = <void>
os_free (['<mapped-addr20> + 0x18'])                                                      = <void>
  munmap (['<mapped-addr20>', '1027784'])                                                 = 0
os_free (['HeapStart + 0x20830'])                                                         = <void>
os_free (['HeapStart + 0x3400'])                                                          = <void>
os_free (['HeapStart + 0x208b0'])                                                         = <void>
os_free (['HeapStart + 0x1e050'])                                                         = <void>
os_free (['HeapStart + 0x20930'])                                                         = <void>
os_free (['<mapped-addr12> + 0x18'])                                                      = <void>
  munmap (['<mapped-addr12>', '3930024'])                                                 = 0
os_free (['HeapStart + 0x209b0'])                                                         = <void>
os_free (['HeapStart + 0x27538'])                                                         = <void>
os_free (['HeapStart + 0x39c8'])                                                          = <void>
os_free (['HeapStart + 0x3580'])                                                          = <void>
os_free (['HeapStart + 0x1dcc8'])                                                         = <void>
os_free (['<mapped-addr6> + 0x18'])                                                       = <void>
  munmap (['<mapped-addr6>', '103160'])                                                   = 0
+++ exited (status 0) +++
